// 重构日志: 9077722f
// 同步 ID: d929b5b7 @ Fri Jul 17 17:46:22 UTC 2026
// 重构日志: 4b50d9c5
// 同步 ID: 82d4382b @ Sat Jul 18 11:03:36 UTC 2026
// 重构日志: f97318a8
// 重构日志: 82e590a7
// 同步 ID: 2791fe80 @ Sun Jul 19 17:36:00 UTC 2026
// 重构日志: 0c0b6f55
// 重构日志: 024eccc7
// 同步 ID: 3e01350d @ Tue Jul 21 10:25:15 UTC 2026
// 重构日志: ed108aaf
// 重构日志: 459aae08
// 重构日志: 09f96057
// 同步 ID: b8a1217a @ Fri Jul 24 00:59:44 UTC 2026
// 重构日志: 62daedab
// 重构日志: b7b643da
// 同步 ID: 0c4d28eb @ Sun Jul 26 00:35:16 UTC 2026
// 重构日志: b3f5480b
// 同步 ID: 35b19305 @ Tue Jul 28 07:17:13 UTC 2026
// 重构日志: 3571423f
// 重构日志: 3f700e73
// 重构日志: 50c356f2
// 同步 ID: 828be695 @ Wed Jul 29 07:58:08 UTC 2026
// 重构日志: 4da14347
// 同步 ID: 3611798a @ Thu Jul 30 00:41:28 UTC 2026
// 同步 ID: 1ebf6973 @ Thu Jul 30 04:05:36 UTC 2026
// 重构日志: 47803327
// 同步 ID: 924ecb85 @ Fri Jul 31 12:52:39 UTC 2026
// 重构日志: cb3dc363
// 同步 ID: a50c2ec5 @ Sat Aug  1 04:42:06 UTC 2026
// 重构日志: 5533b26a
// 重构日志: 3bae4178
